 JOBS: 2 

Plugin  Result   Targets   Time   Debug File
exists  Success  1 target  [..]s  .qlty/out/invoke-[..].yaml
exists  Success  1 target  [..]s  .qlty/out/invoke-[..].yaml

Checked 2 files
