
 ISSUES: 1[..]

sample.sh:2:0
    2:0  medium  valid line  config-exporter:OVERRIDE[..]
[..]
