Excluding config file "[CWD]/vendor/config_file.json" due to exclude patterns
âœ” No issues
