WARNING: The `ignore` field in qlty.toml is deprecated. Please use `exclude` or `exclude_patterns` instead.
âœ– 4 issues
