
 ISSUES: 3 

:0:0
    0:0  high    exists failed  exists:fail
    0:0  high    exists failed  exists:fail
    0:0  high    exists failed  exists:fail

