❌ [..]: prepare_script exited with non-zero code [..]:[..]INVALID_COMMAND[..]
...
