 JOBS: 1 

Plugin  Result   Targets   Time   Debug File
simple  Success  1 target  [..]s  .qlty/out/invoke-[..].yaml

Checked 1 file
