
 ISSUES: 1 

:0:0
    0:0  high    always_fail failed  always_fail:fail

 ERRORS: 1 

always_error  Error  Exited with code 1 in [..].[..]s  .qlty/out/invoke-[..].yaml

