WARNING: Unknown field 'plugins.definitions.dotenv-linter.output_missing' in linters/dotenv-linter/plugin.toml. This will be ignored.
WARNING: Unknown field 'plugins.definitions.ktlint.drivers.lint.cache' in linters/ktlint/plugin.toml. This will be ignored.
WARNING: Unknown field 'plugins.downloads.swiftlint.download_type' in linters/swiftlint/plugin.toml. This will be ignored.
WARNING: Unknown field 'plugins.downloads.swiftlint.github' in linters/swiftlint/plugin.toml. This will be ignored.
WARNING: Unknown field 'plugins.definitions.dotenv-linter.output_missing' in qlty.toml. This will be ignored.
WARNING: Unknown field 'plugins.definitions.ktlint.drivers.lint.cache' in qlty.toml. This will be ignored.
WARNING: Unknown field 'plugins.downloads.swiftlint.download_type' in qlty.toml. This will be ignored.
WARNING: Unknown field 'plugins.downloads.swiftlint.github' in qlty.toml. This will be ignored.
âœ” No issues
