 ERRORS: 1 

Plugin        Result  Message                      Debug File
always_error  Error   Exited with code 1 in [..].[..]s  .qlty/out/invoke-[..].yaml

