
âš  Warning: qlty.toml is using a deprecated, repository-based, default source.

Please change the default source in your qlty.toml to:

[[source]]
name = "default"
default = true


   ERROR   

 > Please update your qlty.toml to use the new source format.
