
   ERROR   

 > Could not find a .codeclimate.yml file.
