 JOBS: 1 

Plugin  Result   Targets   Time   Debug File
sample  Success  1 target  [..]s  .qlty/out/invoke-[..].yaml

Formatted 1 file
