# This file was automatically generated by `qlty init`.
# You can modify it to suit your needs.
# We recommend you to commit this file to your repository.
#
# This configuration is used by both Qlty CLI and Qlty Cloud.
#
#     Qlty CLI -- Code quality toolkit for developers
#     Qlty Cloud -- Fully automated Code Health Platform
#
# Try Qlty Cloud: https://qlty.sh
#
# For a guide to configuration, visit https://qlty.sh/d/config
# Or for a full reference, visit https://qlty.sh/d/qlty-toml
config_version = "0"

exclude_patterns = [
  "*_min.*",
  "*-min.*",
  "*.min.*",
  "**/.yarn/**",
  "**/*.d.ts",
  "**/assets/**",
  "**/bower_components/**",
  "**/build/**",
  "**/cache/**",
  "**/config/**",
  "**/db/**",
  "**/deps/**",
  "**/dist/**",
  "**/extern/**",
  "**/external/**",
  "**/generated/**",
  "**/Godeps/**",
  "**/gradlew/**",
  "**/mvnw/**",
  "**/node_modules/**",
  "**/protos/**",
  "**/seed/**",
  "**/target/**",
  "**/templates/**",
  "**/testdata/**",
  "**/vendor/**",
]

test_patterns = [
  "**/test/**",
  "**/spec/**",
  "**/*.test.*",
  "**/*.spec.*",
  "**/*_test.*",
  "**/*_spec.*",
  "**/test_*.*",
  "**/spec_*.*",
]

[smells]
mode = "comment"

[[source]]
name = "local"
directory = "../plugins"


[[plugin]]
name = "multiple-package-filter-candidates"
package_file = "sub/package.json"
package_filters = ["file-plugin", "plugin-dependency"]

[[plugin]]
name = "package-file-no-dep"
version = "1.19.1"
prefix = "sub2"

[[plugin]]
name = "package-file-no-dep"
version = "3.17.1"
prefix = "sub"

[[plugin]]
name = "package-file-no-dep"
version = "4.17.1"
prefix = ""

[[plugin]]
name = "package-file-plugin"
version = "1.17.1"
package_file = "package.json"
package_filters = ["package-file-plugin"]
prefix = "sub2"

[[plugin]]
name = "package-file-plugin"
version = "2.17.1"
package_file = "package.json"
package_filters = ["package-file-plugin"]
prefix = "sub"

[[plugin]]
name = "package-file-plugin"
version = "5.17.1"
package_file = "package.json"
package_filters = ["package-file-plugin"]
prefix = ""

