qlty [..] [..]-[..] ([..])
[..]
https://qlty.sh/d/coverage

 SETTINGS 

    cwd: [CWD]
    override-build-id: 123
    override-commit-sha: 2ca1bc45a94e37c8dbae6fd9e19fc069ba64bd67

 METADATA 

    CI: Buildkite
    Reference Type: Branch
    Commit: 2ca1bc45a94e37c8dbae6fd9e19fc069ba64bd67
    Branch: main
    Build ID: 123
    Commit Time: [..]

 AUTHENTICATION 

    Auth Method: Unknown
    Token: 123

 COMPLETING... 

    Coverage marked as complete in [..]s!

