qlty [..] [..]-[..] ([..] debug [..])
https://qlty.sh/d/coverage

 SETTINGS 

    cwd: [CWD]
    dry-run: true
    tag: rails
    override-commit-sha: 2ca1bc45a94e37c8dbae6fd9e19fc069ba64bd67
    transform-add-prefix: rails/

 METADATA 

    CI: GitHub
    Commit: 2ca1bc45a94e37c8dbae6fd9e19fc069ba64bd67
    Branch: feature-branch-1
    Build ID: 42:2

 COVERAGE FILES: 1 

    Coverage File  Format  Size
    lcov.info      lcov    903 B

 COVERAGE DATA 

    1 unique code file paths
    1 paths are missing on disk (100.0%)

    Missing code files:

      formatter.js

    TIP: Consider using add-prefix or strip-prefix to fix paths
    https://qlty.sh/d/coverage-path-fixing


    Covered Lines:      24
    Uncovered Lines:     2

    Line Coverage        92.31%

 EXPORTING... 

    Exported: tmp/qlty-coverage/coverage.zip

