{
  "metadata": {
    "buildId": "[..]",
    "ci": "GitHub",
    "branch": "test-branch-1",
    "commitSha": "2ca1bc45a94e37c8dbae6fd9e19fc069ba64bd67",
    "commitMessage": "initial/n",
    "authorName": "TEST",
    "authorEmail": "test@codeclimate.com",
    "authorTime": "2024-01-01T00:00:00+00:00",
    "committerName": "TEST",
    "committerEmail": "test@codeclimate.com",
    "commitTime": "2024-01-01T00:00:00+00:00",
    "pullRequestNumber": "99",
    "tag": "rails",
    "uploadedAt": "[..]",
    "cliVersion": "[..]",
    "publishCommand": "[..]qlty[..] coverage publish --dry-run --print --json --override-branch test-branch-1 --override-commit-sha 2ca1bc45a94e37c8dbae6fd9e19fc069ba64bd67 --override-pr-number 99 --transform-add-prefix rails/ --tag rails --summary lcov.info"
  },
  "report_files": [
    {
      "buildId": "[..]",
      "format": "lcov",
      "path": "lcov.info",
      "tag": "rails"
    }
  ],
  "file_coverages": [
    {
      "buildId": "[..]",
      "path": "rails/formatter.js",
      "summary": {
        "covered": "24",
        "missed": "2",
        "omit": "26",
        "total": "52"
      },
      "hits": [
        "1",
        "1",
        "1",
        "1",
        "1",
        "1",
        "1",
        "1",
        "-1",
        "1",
        "1",
        "-1",
        "-1",
        "1",
        "5",
        "-1",
        "-1",
        "1",
        "2",
        "1",
        "1",
        "1",
        "-1",
        "0",
        "-1",
        "-1",
        "-1",
        "1",
        "2",
        "-1",
        "2",
        "2",
        "0",
        "-1",
        "-1",
        "2",
        "-1",
        "-1",
        "-1",
        "-1",
        "-1",
        "-1",
        "-1",
        "-1",
        "-1",
        "2",
        "-1",
        "-1",
        "-1",
        "-1",
        "-1",
        "2"
      ],
      "tag": "rails",
      "commitSha": "2ca1bc45a94e37c8dbae6fd9e19fc069ba64bd67",
      "uploadedAt": "[..]",
      "branch": "test-branch-1",
      "pullRequestNumber": "99"
    }
  ],
  "coverage_metrics": {
    "covered_lines": 24,
    "uncovered_lines": 2,
    "total_lines": 26,
    "coverage_percentage": 92.3076923076923
  },
  "missing_files": [
    "formatter.js"
  ]
}
