qlty [..] [..]-[..] ([..])
[..]
https://qlty.sh/d/coverage

 SETTINGS 

    cwd: [CWD]
    dry-run: true
    override-build-id: 123
    override-branch: main
    override-commit-sha: 2ca1bc45a94e37c8dbae6fd9e19fc069ba64bd67
    override-commit-time: 2025-05-30T05:00:00+00:00

 METADATA 

    CI: unknown
    Commit: 2ca1bc45a94e37c8dbae6fd9e19fc069ba64bd67
    Branch: main
    Build ID: 123
    Commit Time: 2025-05-30 05:00:00 UTC

 COVERAGE FILES: 1 

    Coverage File  Format  Size
    lcov.info      lcov    903 B

 COVERAGE DATA 

    1 unique code file path
    1 path is missing on disk (100.0%)

    Missing code files:

      formatter.js

    TIP: Consider using add-prefix or strip-prefix to fix paths
    https://qlty.sh/d/coverage-path-fixing


    Covered Lines:      24
    Uncovered Lines:     2
    Omitted Lines:      26

    Line Coverage:       92.31%

 EXPORTING... 

    Exported: tmp/qlty-coverage/coverage.zip

