qlty [..] [..]-[..] ([..] debug [..])
https://qlty.sh/d/coverage

 SETTINGS 

    cwd: [CWD]
    dry-run: true
    override-build-id: 123
    override-commit-sha: 2ca1bc45a94e37c8dbae6fd9e19fc069ba64bd67

 METADATA 

    CI: unknown
    Commit: 2ca1bc45a94e37c8dbae6fd9e19fc069ba64bd67
    Build ID: 123

 COVERAGE FILES: 1 

    Coverage File  Format  Size
    lcov.info      lcov    958 B

 COVERAGE DATA 

    2 unique code file paths
    1 path is missing on disk (50.0%)

    Missing code files:

      doesnt_exist.js

    TIP: Consider using add-prefix or strip-prefix to fix paths
    https://qlty.sh/d/coverage-path-fixing


    Covered Lines:      26
    Uncovered Lines:     3
    Omitted Lines:      28

    Line Coverage:       89.66%


   ERROR   

 > Coverage validation failed: Only 50.00% of files are present (threshold: 90.00%)
