qlty [..] [..]-[..] ([..])
[..]
https://qlty.sh/d/coverage

 SETTINGS 

    cwd: [CWD]
    dry-run: true
    override-build-id: 123
    override-commit-sha: 2ca1bc45a94e37c8dbae6fd9e19fc069ba64bd67

WARNING: Unknown field 'plugins.definitions.dotenv-linter.output_missing' in linters/dotenv-linter/plugin.toml. This will be ignored.
WARNING: Unknown field 'plugins.definitions.ktlint.drivers.lint.cache' in linters/ktlint/plugin.toml. This will be ignored.
WARNING: Unknown field 'plugins.downloads.swiftlint.download_type' in linters/swiftlint/plugin.toml. This will be ignored.
WARNING: Unknown field 'plugins.downloads.swiftlint.github' in linters/swiftlint/plugin.toml. This will be ignored.
WARNING: Unknown field 'plugins.definitions.dotenv-linter.output_missing' in qlty.toml. This will be ignored.
WARNING: Unknown field 'plugins.definitions.ktlint.drivers.lint.cache' in qlty.toml. This will be ignored.
WARNING: Unknown field 'plugins.downloads.swiftlint.download_type' in qlty.toml. This will be ignored.
WARNING: Unknown field 'plugins.downloads.swiftlint.github' in qlty.toml. This will be ignored.

   ERROR   

 > A branch, tag, or pull request must be specified.
 > Please provide it using a supported CI provider or with one of --override-branch, --override-git-tag, or --override-pr-number
