❌ Coverage validation failed
Only 50% of the files are present on the filesystem. Threshold is set to 90%
