❌ Coverage validation failed
No coverage data found
