{
  "files_present": 0,
  "files_missing": 0,
  "total_files": 0,
  "coverage_percentage": 0.0,
  "threshold": 90.0,
  "status": "no_coverage_data"
}
