qlty [..] [..]-[..] ([..])
[..]
https://qlty.sh/d/coverage

 SETTINGS 

    cwd: [CWD]
    override-commit-sha: 2ca1bc45a94e37c8dbae6fd9e19fc069ba64bd67

 METADATA 

    Commit: 2ca1bc45a94e37c8dbae6fd9e19fc069ba64bd67

 AUTHENTICATION 

    Auth Method: Unknown
    Token: 123

 COMPLETING... 

    Coverage marked as complete in [..]s!

