{
  "metadata": {
    "id": "[..]",
    "buildId": "[..]",
    "result": "ANALYSIS_RESULT_SUCCESS",
    "filesAnalyzed": 16,
    "startTime": "[..]",
    "finishTime": "[..]",
    "commitMessage": "initial/n",
    "committedAt": "2024-01-01T00:00:00+00:00",
    "committerEmail": "test@codeclimate.com",
    "committerName": "TEST",
    "authorEmail": "test@codeclimate.com",
    "authorName": "TEST",
    "authoredAt": "2024-01-01T00:00:00+00:00",
    "generatedAt": "[..]",
    "time": "[..]"
  },
  "messages": [],
  "invocations": [],
  "issues": [
    {
      "analysisId": "[..]",
      "buildId": "[..]",
      "analyzedAt": "[..]",
      "generatedAt": "[..]",
      "time": "[..]",
      "tool": "qlty",
      "driver": "structure",
      "ruleKey": "boolean-logic",
      "message": "Complex binary expression",
      "level": "LEVEL_MEDIUM",
      "language": "LANGUAGE_KOTLIN",
      "category": "CATEGORY_STRUCTURE",
      "snippet": "false && true",
      "snippetWithContext": "        in 60..79 -> /"Very complex/"/n        in 40..59 -> /"Somewhat complex/"/n        in 20..39 -> /"Not complex/"/n        in 0..19 -> /"Least complex!/"/n        else -> null/n    }/n}/n/n// count_non_sequential_logical_operators_rust/nfun f1(): Boolean {/n    return true || false && true && false || true/n}",
      "effortMinutes": 10,
      "value": 4,
      "location": {
        "path": "cognitive.kt",
        "range": {
          "startLine": 14,
          "startColumn": 20,
          "endLine": 14,
          "endColumn": 33,
          "startByte": 355,
          "endByte": 368
        }
      },
      "mode": "MODE_BLOCK"
    },
    {
      "analysisId": "[..]",
      "buildId": "[..]",
      "analyzedAt": "[..]",
      "generatedAt": "[..]",
      "time": "[..]",
      "tool": "qlty",
      "driver": "structure",
      "ruleKey": "file-complexity",
      "message": "High total complexity (count = 55)",
      "level": "LEVEL_MEDIUM",
      "language": "LANGUAGE_KOTLIN",
      "category": "CATEGORY_STRUCTURE",
      "snippet": "fun main() {/n    val foo = 42/n    if (foo) {/n        if (foo > 10) {/n            if (foo < 20) {/n                if (foo % 2 == 0) {/n                    if (foo % 3 == 0) {/n                        if (foo % 5 == 0) {/n                            if (foo % 7 == 0) {/n                                if (foo % 11 == 0) {/n                                    if (foo % 13 == 0) {/n                                        if (foo % 17 == 0) {/n                                            println(/"Nested!/")/n                                        }/n                                    }/n                                }/n                            }/n                        }/n                    }/n                }/n            }/n        }/n    }/n}/n",
      "snippetWithContext": "fun main() {/n    val foo = 42/n    if (foo) {/n        if (foo > 10) {/n            if (foo < 20) {/n                if (foo % 2 == 0) {/n                    if (foo % 3 == 0) {/n                        if (foo % 5 == 0) {/n                            if (foo % 7 == 0) {/n                                if (foo % 11 == 0) {/n                                    if (foo % 13 == 0) {/n                                        if (foo % 17 == 0) {/n                                            println(/"Nested!/")/n                                        }/n                                    }/n                                }/n                            }/n                        }/n                    }/n                }/n            }/n        }/n    }/n}",
      "effortMinutes": 150,
      "value": 55,
      "valueDelta": 5,
      "location": {
        "path": "file_complexity.kt",
        "range": {
          "startLine": 1,
          "startColumn": 1,
          "endLine": 25,
          "endColumn": 1,
          "startByte": 0,
          "endByte": 741
        }
      },
      "partialFingerprints": {
        "file.path": "file_complexity.kt"
      },
      "mode": "MODE_BLOCK"
    },
    {
      "analysisId": "[..]",
      "buildId": "[..]",
      "analyzedAt": "[..]",
      "generatedAt": "[..]",
      "time": "[..]",
      "tool": "qlty",
      "driver": "structure",
      "ruleKey": "function-complexity",
      "message": "Function with high complexity (count = 55): main",
      "level": "LEVEL_MEDIUM",
      "language": "LANGUAGE_KOTLIN",
      "category": "CATEGORY_STRUCTURE",
      "snippet": "fun main() {/n    val foo = 42/n    if (foo) {/n        if (foo > 10) {/n            if (foo < 20) {/n                if (foo % 2 == 0) {/n                    if (foo % 3 == 0) {/n                        if (foo % 5 == 0) {/n                            if (foo % 7 == 0) {/n                                if (foo % 11 == 0) {/n                                    if (foo % 13 == 0) {/n                                        if (foo % 17 == 0) {/n                                            println(/"Nested!/")/n                                        }/n                                    }/n                                }/n                            }/n                        }/n                    }/n                }/n            }/n        }/n    }/n}",
      "snippetWithContext": "fun main() {/n    val foo = 42/n    if (foo) {/n        if (foo > 10) {/n            if (foo < 20) {/n                if (foo % 2 == 0) {/n                    if (foo % 3 == 0) {/n                        if (foo % 5 == 0) {/n                            if (foo % 7 == 0) {/n                                if (foo % 11 == 0) {/n                                    if (foo % 13 == 0) {/n                                        if (foo % 17 == 0) {/n                                            println(/"Nested!/")/n                                        }/n                                    }/n                                }/n                            }/n                        }/n                    }/n                }/n            }/n        }/n    }/n}",
      "effortMinutes": 195,
      "value": 55,
      "valueDelta": 37,
      "location": {
        "path": "file_complexity.kt",
        "range": {
          "startLine": 1,
          "startColumn": 1,
          "endLine": 24,
          "endColumn": 2,
          "startByte": 0,
          "endByte": 740
        }
      },
      "partialFingerprints": {
        "function.name": "main"
      },
      "mode": "MODE_BLOCK"
    },
    {
      "analysisId": "[..]",
      "buildId": "[..]",
      "analyzedAt": "[..]",
      "generatedAt": "[..]",
      "time": "[..]",
      "tool": "qlty",
      "driver": "structure",
      "ruleKey": "function-parameters",
      "message": "Function with many parameters (count = 6): f2",
      "level": "LEVEL_MEDIUM",
      "language": "LANGUAGE_KOTLIN",
      "category": "CATEGORY_STRUCTURE",
      "snippet": "(a: Int, b: String, c: Double, d: Boolean, e: List<Int>, f: String?)",
      "snippetWithContext": "fun f0() {}/n/nfun f1(dog: Int, cat: String) {}/n/nfun f2(a: Int, b: String, c: Double, d: Boolean, e: List<Int>, f: String?) {}/n/nfun f3() {/n    // Function calls don't count, only function definitions/n    val foo = bar(1, 2, 3, 4)/n}",
      "effortMinutes": 15,
      "value": 6,
      "location": {
        "path": "parameters.kt",
        "range": {
          "startLine": 5,
          "startColumn": 7,
          "endLine": 5,
          "endColumn": 75,
          "startByte": 53,
          "endByte": 121
        }
      },
      "mode": "MODE_BLOCK"
    },
    {
      "analysisId": "[..]",
      "buildId": "[..]",
      "analyzedAt": "[..]",
      "generatedAt": "[..]",
      "time": "[..]",
      "tool": "qlty",
      "driver": "structure",
      "ruleKey": "nested-control-flow",
      "message": "Deeply nested control flow (level = 5)",
      "level": "LEVEL_MEDIUM",
      "language": "LANGUAGE_KOTLIN",
      "category": "CATEGORY_STRUCTURE",
      "snippet": "if (foo % 3 == 0) {/n                        if (foo % 5 == 0) {/n                            if (foo % 7 == 0) {/n                                if (foo % 11 == 0) {/n                                    if (foo % 13 == 0) {/n                                        if (foo % 17 == 0) {/n                                            println(/"Nested!/")/n                                        }/n                                    }/n                                }/n                            }/n                        }/n                    }",
      "snippetWithContext": "fun main() {/n    val foo = 42/n    if (foo) {/n        if (foo > 10) {/n            if (foo < 20) {/n                if (foo % 2 == 0) {/n                    if (foo % 3 == 0) {/n                        if (foo % 5 == 0) {/n                            if (foo % 7 == 0) {/n                                if (foo % 11 == 0) {/n                                    if (foo % 13 == 0) {/n                                        if (foo % 17 == 0) {/n                                            println(/"Nested!/")/n                                        }/n                                    }/n                                }/n                            }/n                        }/n                    }/n                }/n            }/n        }/n    }/n}",
      "effortMinutes": 15,
      "value": 5,
      "location": {
        "path": "file_complexity.kt",
        "range": {
          "startLine": 7,
          "startColumn": 21,
          "endLine": 19,
          "endColumn": 22,
          "startByte": 153,
          "endByte": 690
        }
      },
      "mode": "MODE_BLOCK"
    },
    {
      "analysisId": "[..]",
      "buildId": "[..]",
      "analyzedAt": "[..]",
      "generatedAt": "[..]",
      "time": "[..]",
      "tool": "qlty",
      "driver": "structure",
      "ruleKey": "nested-control-flow",
      "message": "Deeply nested control flow (level = 5)",
      "level": "LEVEL_MEDIUM",
      "language": "LANGUAGE_KOTLIN",
      "category": "CATEGORY_STRUCTURE",
      "snippet": "if (bar % 3 == 0) {/n                        println(/"Nested!/")/n                    }",
      "snippetWithContext": "fun simple() {}/n/nfun complex() {/n    val bar = 42/n    if (bar) {/n        if (bar > 10){/n            if (bar < 20) {/n                if (bar % 2 == 0) {/n                    if (bar % 3 == 0) {/n                        println(/"Nested!/")/n                    }/n                }/n            }/n        }/n    }/n}",
      "effortMinutes": 15,
      "value": 5,
      "location": {
        "path": "function_complexity.kt",
        "range": {
          "startLine": 9,
          "startColumn": 21,
          "endLine": 11,
          "endColumn": 22,
          "startByte": 172,
          "endByte": 256
        }
      },
      "mode": "MODE_BLOCK"
    }
  ],
  "stats": [
    {
      "analysisId": "[..]",
      "buildId": "[..]",
      "analyzedAt": "[..]",
      "name": "boolean_logic.kt",
      "fullyQualifiedName": "boolean_logic.kt",
      "path": "boolean_logic.kt",
      "kind": "COMPONENT_TYPE_FILE",
      "language": "LANGUAGE_KOTLIN",
      "files": 1,
      "classes": 0,
      "functions": 2,
      "fields": 0,
      "lines": 9,
      "codeLines": 8,
      "commentLines": 0,
      "blankLines": 1,
      "complexity": 3,
      "cyclomatic": 5,
      "lcom4": 0,
      "generatedAt": "[..]",
      "time": "[..]"
    },
    {
      "analysisId": "[..]",
      "buildId": "[..]",
      "analyzedAt": "[..]",
      "name": "class_this_navigations.kt",
      "fullyQualifiedName": "class_this_navigations.kt",
      "path": "class_this_navigations.kt",
      "kind": "COMPONENT_TYPE_FILE",
      "language": "LANGUAGE_KOTLIN",
      "files": 1,
      "classes": 2,
      "functions": 2,
      "fields": 3,
      "lines": 16,
      "codeLines": 12,
      "commentLines": 3,
      "blankLines": 1,
      "complexity": 1,
      "cyclomatic": 1,
      "lcom4": 1,
      "generatedAt": "[..]",
      "time": "[..]"
    },
    {
      "analysisId": "[..]",
      "buildId": "[..]",
      "analyzedAt": "[..]",
      "name": "cognitive.kt",
      "fullyQualifiedName": "cognitive.kt",
      "path": "cognitive.kt",
      "kind": "COMPONENT_TYPE_FILE",
      "language": "LANGUAGE_KOTLIN",
      "files": 1,
      "classes": 0,
      "functions": 2,
      "fields": 0,
      "lines": 15,
      "codeLines": 13,
      "commentLines": 1,
      "blankLines": 1,
      "complexity": 6,
      "cyclomatic": 11,
      "lcom4": 0,
      "generatedAt": "[..]",
      "time": "[..]"
    },
    {
      "analysisId": "[..]",
      "buildId": "[..]",
      "analyzedAt": "[..]",
      "name": "cyclomatic.kt",
      "fullyQualifiedName": "cyclomatic.kt",
      "path": "cyclomatic.kt",
      "kind": "COMPONENT_TYPE_FILE",
      "language": "LANGUAGE_KOTLIN",
      "files": 1,
      "classes": 0,
      "functions": 10,
      "fields": 0,
      "lines": 72,
      "codeLines": 59,
      "commentLines": 0,
      "blankLines": 13,
      "complexity": 15,
      "cyclomatic": 15,
      "lcom4": 0,
      "generatedAt": "[..]",
      "time": "[..]"
    },
    {
      "analysisId": "[..]",
      "buildId": "[..]",
      "analyzedAt": "[..]",
      "name": "fields.kt",
      "fullyQualifiedName": "fields.kt",
      "path": "fields.kt",
      "kind": "COMPONENT_TYPE_FILE",
      "language": "LANGUAGE_KOTLIN",
      "files": 1,
      "classes": 1,
      "functions": 1,
      "fields": 2,
      "lines": 6,
      "codeLines": 5,
      "commentLines": 0,
      "blankLines": 1,
      "complexity": 0,
      "cyclomatic": 1,
      "lcom4": 0,
      "generatedAt": "[..]",
      "time": "[..]"
    },
    {
      "analysisId": "[..]",
      "buildId": "[..]",
      "analyzedAt": "[..]",
      "name": "file_complexity.kt",
      "fullyQualifiedName": "file_complexity.kt",
      "path": "file_complexity.kt",
      "kind": "COMPONENT_TYPE_FILE",
      "language": "LANGUAGE_KOTLIN",
      "files": 1,
      "classes": 0,
      "functions": 1,
      "fields": 0,
      "lines": 24,
      "codeLines": 24,
      "commentLines": 0,
      "blankLines": 0,
      "complexity": 55,
      "cyclomatic": 11,
      "lcom4": 0,
      "generatedAt": "[..]",
      "time": "[..]"
    },
    {
      "analysisId": "[..]",
      "buildId": "[..]",
      "analyzedAt": "[..]",
      "name": "function_complexity.kt",
      "fullyQualifiedName": "function_complexity.kt",
      "path": "function_complexity.kt",
      "kind": "COMPONENT_TYPE_FILE",
      "language": "LANGUAGE_KOTLIN",
      "files": 1,
      "classes": 0,
      "functions": 2,
      "fields": 0,
      "lines": 16,
      "codeLines": 15,
      "commentLines": 0,
      "blankLines": 1,
      "complexity": 15,
      "cyclomatic": 6,
      "lcom4": 0,
      "generatedAt": "[..]",
      "time": "[..]"
    },
    {
      "analysisId": "[..]",
      "buildId": "[..]",
      "analyzedAt": "[..]",
      "name": "identical.kt",
      "fullyQualifiedName": "identical.kt",
      "path": "identical.kt",
      "kind": "COMPONENT_TYPE_FILE",
      "language": "LANGUAGE_KOTLIN",
      "files": 1,
      "classes": 0,
      "functions": 2,
      "fields": 0,
      "lines": 27,
      "codeLines": 22,
      "commentLines": 0,
      "blankLines": 5,
      "complexity": 4,
      "cyclomatic": 3,
      "lcom4": 0,
      "generatedAt": "[..]",
      "time": "[..]"
    },
    {
      "analysisId": "[..]",
      "buildId": "[..]",
      "analyzedAt": "[..]",
      "name": "lcom_0.kt",
      "fullyQualifiedName": "lcom_0.kt",
      "path": "lcom_0.kt",
      "kind": "COMPONENT_TYPE_FILE",
      "language": "LANGUAGE_KOTLIN",
      "files": 1,
      "classes": 2,
      "functions": 3,
      "fields": 1,
      "lines": 17,
      "codeLines": 13,
      "commentLines": 1,
      "blankLines": 3,
      "complexity": 0,
      "cyclomatic": 1,
      "lcom4": 0,
      "generatedAt": "[..]",
      "time": "[..]"
    },
    {
      "analysisId": "[..]",
      "buildId": "[..]",
      "analyzedAt": "[..]",
      "name": "lcom_1-1.kt",
      "fullyQualifiedName": "lcom_1-1.kt",
      "path": "lcom_1-1.kt",
      "kind": "COMPONENT_TYPE_FILE",
      "language": "LANGUAGE_KOTLIN",
      "files": 1,
      "classes": 1,
      "functions": 1,
      "fields": 1,
      "lines": 7,
      "codeLines": 5,
      "commentLines": 1,
      "blankLines": 1,
      "complexity": 0,
      "cyclomatic": 1,
      "lcom4": 1,
      "generatedAt": "[..]",
      "time": "[..]"
    },
    {
      "analysisId": "[..]",
      "buildId": "[..]",
      "analyzedAt": "[..]",
      "name": "lcom_1.kt",
      "fullyQualifiedName": "lcom_1.kt",
      "path": "lcom_1.kt",
      "kind": "COMPONENT_TYPE_FILE",
      "language": "LANGUAGE_KOTLIN",
      "files": 1,
      "classes": 1,
      "functions": 1,
      "fields": 1,
      "lines": 7,
      "codeLines": 5,
      "commentLines": 1,
      "blankLines": 1,
      "complexity": 0,
      "cyclomatic": 1,
      "lcom4": 1,
      "generatedAt": "[..]",
      "time": "[..]"
    },
    {
      "analysisId": "[..]",
      "buildId": "[..]",
      "analyzedAt": "[..]",
      "name": "lcom_2.kt",
      "fullyQualifiedName": "lcom_2.kt",
      "path": "lcom_2.kt",
      "kind": "COMPONENT_TYPE_FILE",
      "language": "LANGUAGE_KOTLIN",
      "files": 1,
      "classes": 2,
      "functions": 4,
      "fields": 3,
      "lines": 21,
      "codeLines": 16,
      "commentLines": 1,
      "blankLines": 4,
      "complexity": 0,
      "cyclomatic": 1,
      "lcom4": 2,
      "generatedAt": "[..]",
      "time": "[..]"
    },
    {
      "analysisId": "[..]",
      "buildId": "[..]",
      "analyzedAt": "[..]",
      "name": "lines.kt",
      "fullyQualifiedName": "lines.kt",
      "path": "lines.kt",
      "kind": "COMPONENT_TYPE_FILE",
      "language": "LANGUAGE_KOTLIN",
      "files": 1,
      "classes": 0,
      "functions": 3,
      "fields": 0,
      "lines": 23,
      "codeLines": 12,
      "commentLines": 8,
      "blankLines": 3,
      "complexity": 0,
      "cyclomatic": 1,
      "lcom4": 0,
      "generatedAt": "[..]",
      "time": "[..]"
    },
    {
      "analysisId": "[..]",
      "buildId": "[..]",
      "analyzedAt": "[..]",
      "name": "nested_control.kt",
      "fullyQualifiedName": "nested_control.kt",
      "path": "nested_control.kt",
      "kind": "COMPONENT_TYPE_FILE",
      "language": "LANGUAGE_KOTLIN",
      "files": 1,
      "classes": 0,
      "functions": 4,
      "fields": 0,
      "lines": 48,
      "codeLines": 44,
      "commentLines": 1,
      "blankLines": 3,
      "complexity": 26,
      "cyclomatic": 24,
      "lcom4": 0,
      "generatedAt": "[..]",
      "time": "[..]"
    },
    {
      "analysisId": "[..]",
      "buildId": "[..]",
      "analyzedAt": "[..]",
      "name": "parameters.kt",
      "fullyQualifiedName": "parameters.kt",
      "path": "parameters.kt",
      "kind": "COMPONENT_TYPE_FILE",
      "language": "LANGUAGE_KOTLIN",
      "files": 1,
      "classes": 0,
      "functions": 4,
      "fields": 0,
      "lines": 10,
      "codeLines": 6,
      "commentLines": 1,
      "blankLines": 3,
      "complexity": 0,
      "cyclomatic": 1,
      "lcom4": 0,
      "generatedAt": "[..]",
      "time": "[..]"
    },
    {
      "analysisId": "[..]",
      "buildId": "[..]",
      "analyzedAt": "[..]",
      "name": "returns.kt",
      "fullyQualifiedName": "returns.kt",
      "path": "returns.kt",
      "kind": "COMPONENT_TYPE_FILE",
      "language": "LANGUAGE_KOTLIN",
      "files": 1,
      "classes": 0,
      "functions": 5,
      "fields": 0,
      "lines": 23,
      "codeLines": 19,
      "commentLines": 0,
      "blankLines": 4,
      "complexity": 10,
      "cyclomatic": 1,
      "lcom4": 0,
      "generatedAt": "[..]",
      "time": "[..]"
    }
  ]
}
