[..][0/1] [..]Planning...[..]
[..][1/1] [..]Analyzing vs. main...[..]
âœ” No issues
