[..]JOBS: 1[..]

Plugin  Result   Targets   Time   Debug File
exists  Success  1 target[..]

Checked 1 modified file
