
 UNFORMATTED FILES: 1 

âœ– basic.py


 ISSUES: 1 

basic.py:0:0
    0:0  fmt     Incorrect formatting, autoformat by running `qlty fmt`.  black:fmt

