cli_version: null
config_version: '0'
coverage:
  ignores:
  - '*_min.*'
  - '*-min.*'
  - '*.min.*'
  - '**/.yarn/**'
  - '**/*.d.ts'
  - '**/bower_components/**'
  - '**/build/**'
  - '**/cache/**'
  - '**/config/**'
  - '**/db/**'
  - '**/deps/**'
  - '**/dist/**'
  - '**/extern/**'
  - '**/external/**'
  - '**/fixtures/**'
  - '**/generated/**'
  - '**/Godeps/**'
  - '**/gradlew/**'
  - '**/mvnw/**'
  - '**/node_modules/**'
  - '**/protos/**'
  - '**/seed/**'
  - '**/target/**'
  - '**/testdata/**'
  - '**/vendor/**'
  paths: null
exclude_patterns:
- '*_min.*'
- '*-min.*'
- '*.min.*'
- '**/.yarn/**'
- '**/*.d.ts'
- '**/bower_components/**'
- '**/build/**'
- '**/cache/**'
- '**/config/**'
- '**/db/**'
- '**/deps/**'
- '**/dist/**'
- '**/extern/**'
- '**/external/**'
- '**/fixtures/**'
- '**/generated/**'
- '**/Godeps/**'
- '**/gradlew/**'
- '**/mvnw/**'
- '**/node_modules/**'
- '**/protos/**'
- '**/seed/**'
- '**/target/**'
- '**/testdata/**'
- '**/vendor/**'
file_types:
  ALL:
    globs:
    - '*.*'
    interpreters: []
  apex:
    globs:
    - '*.cls'
    - '*.page'
    - '*.tgr'
    interpreters: []
  coffee:
    globs:
    - '*.coffee'
    interpreters: []
  csharp:
    globs:
    - '*.cs'
    interpreters: []
  css:
    globs:
    - '*.css'
    interpreters: []
  ddl:
    globs:
    - '*.ddl'
    interpreters: []
  dml:
    globs:
    - '*.dml'
    interpreters: []
  docker:
    globs:
    - '**/Dockerfile'
    - '**/Dockerfile.*'
    - '**/*.Dockerfile'
    interpreters: []
  dotenv:
    globs:
    - '**/*.env*'
    interpreters: []
  gemspec:
    globs:
    - '*.gemspec'
    interpreters: []
  github-workflow:
    globs:
    - .github/workflows/*.yaml
    - .github/workflows/*.yml
    interpreters: []
  go:
    globs:
    - '*.go'
    interpreters: []
  graphql:
    globs:
    - '*.graphql'
    interpreters: []
  html:
    globs:
    - '*.html'
    interpreters: []
  java:
    globs:
    - '*.java'
    interpreters: []
  javascript:
    globs:
    - '*.js'
    - '*.mjs'
    - '*.cjs'
    - '**/Jakefile'
    interpreters:
    - rhino
    - gjs
    - qjs
    - js
    - chakra
    - v8-shell
    - v8
    - node
    - d8
  json:
    globs:
    - '*.json'
    - '*.jsonc'
    - '**/.eslintrc.json'
    - '**/.jslintrc'
    - '**/.jscsrc'
    - '**/.arcconfig'
    - '**/jsconfig.json'
    - '**/mcmod.info'
    - '**/.babelrc'
    - '**/tsconfig.json'
    - '**/.tern-project'
    - '**/.watchmanconfig'
    - '**/.tern-config'
    - '**/composer.lock'
    - '**/.htmlhintrc'
    - '**/language-configuration.json'
    - '**/.jshintrc'
    interpreters: []
  jsx:
    globs:
    - '*.jsx'
    - '*.mjsx'
    - '*.cjsx'
    interpreters: []
  kotlin:
    globs:
    - '*.kt'
    interpreters: []
  lockfile:
    globs:
    - '**/Cargo.lock'
    - '**/Podfile.lock'
    - '**/composer.lock'
    - '**/conan.lock'
    - '**/go.mod'
    - '**/go.sum'
    - '**/buildscript-gradle.lockfile'
    - '**/gradle.lockfile'
    - '**/pom.xml'
    - '**/mix.lock'
    - '**/package-lock.json'
    - '**/pnpm-lock.yaml'
    - '**/yarn.lock'
    - '**/packages.lock.json'
    - '**/packages.config'
    - '**/pubspec.lock'
    - '**/requirements.txt'
    - '**/Pipfile.lock'
    - '**/poetry.lock'
    - '**/Gemfile.lock'
    interpreters: []
  markdown:
    globs:
    - '*.md'
    - '*.mdx'
    - '**/contents.lr'
    interpreters: []
  objective-c-source:
    globs:
    - '*.m'
    interpreters: []
  openapi:
    globs:
    - openapi.yaml
    - openapi.*.yaml
    interpreters: []
  php:
    globs:
    - '*.php'
    - '*.ctp'
    - '*.fcgi'
    - '*.inc'
    - '*.php3'
    - '*.php4'
    - '*.php5'
    - '*.phps'
    - '*.phpt'
    - '*.phtml'
    - '**/.php_cs'
    - '**/.php_cs.dist'
    - '**/Phakefile'
    interpreters: []
  prisma:
    globs:
    - '*.prisma'
    interpreters: []
  python:
    globs:
    - '*.py'
    - '*.pyw'
    - '**/DEPS'
    - '**/Snakefile'
    - '**/SConscript'
    - '**/wscript'
    - '**/SConstruct'
    - '**/.gclient'
    interpreters:
    - python
    - python3
    - python2
    - pypy
  ruby:
    globs:
    - '*.rb'
    - '*.rake'
    - '**/.irbrc'
    - '**/.pryrc'
    - '**/Appraisals'
    - '**/Berksfile'
    - '**/Brewfile'
    - '**/buildfile'
    - '**/Buildfile'
    - '**/Capfile'
    - '**/Dangerfile'
    - '**/Deliverfile'
    - '**/Fastfile'
    - '**/Gemfile'
    - '**/Guardfile'
    - '**/Jarfile'
    - '**/Mavenfile'
    - '**/Podfile'
    - '**/Puppetfile'
    - '**/Rakefile'
    - '**/Snapfile'
    - '**/Thorfile'
    - '**/Vagrantfile'
    interpreters:
    - jruby
    - rbx
    - rake
    - macruby
    - ruby
  rust:
    globs:
    - '*.rs'
    interpreters: []
  sass:
    globs:
    - '*.sass'
    - '*.scss'
    interpreters: []
  scala:
    globs:
    - '*.scala'
    interpreters: []
  shell:
    globs:
    - '*.sh'
    - '*.bash'
    - '**/man'
    - '**/PKGBUILD'
    - '**/.zshrc'
    - '**/.profile'
    - '**/.zlogout'
    - '**/zlogout'
    - '**/bash_logout'
    - '**/bash_aliases'
    - '**/.bashrc'
    - '**/bashrc'
    - '**/.zlogin'
    - '**/9fs'
    - '**/zlogin'
    - '**/cshrc'
    - '**/.bash_aliases'
    - '**/.cshrc'
    - '**/.bash_logout'
    - '**/zshrc'
    - '**/zprofile'
    - '**/login'
    - '**/.bash_profile'
    - '**/.login'
    - '**/.zprofile'
    - '**/profile'
    - '**/.bash_history'
    - '**/bash_profile'
    - '**/.zshenv'
    - '**/zshenv'
    - '**/.bash_functions'
    - '**/.bash_completion'
    interpreters:
    - pdksh
    - dash
    - ksh
    - zsh
    - ash
    - sh
    - bash
    - mksh
    - rc
    - fish
  sql:
    globs:
    - '*.sql'
    interpreters: []
  sql-j2:
    globs:
    - '*.sql-j2'
    interpreters: []
  storyboard:
    globs:
    - '*.storyboard'
    interpreters: []
  strings:
    globs:
    - '*.strings'
    - '*.stringsdict'
    interpreters: []
  swift:
    globs:
    - '*.swift'
    interpreters: []
  terraform:
    globs:
    - '*.tf'
    - '*.tf.json'
    interpreters: []
  toml:
    globs:
    - '*.toml'
    - '**/Cargo.lock'
    - '**/Gopkg.lock'
    interpreters: []
  tsx:
    globs:
    - '*.tsx'
    - '*.mtsx'
    - '*.ctsx'
    interpreters: []
  typescript:
    globs:
    - '*.ts'
    - '*.mts'
    - '*.cts'
    interpreters:
    - ts-node
    - deno
  xib:
    globs:
    - '*.xib'
    interpreters: []
  yaml:
    globs:
    - '*.yml'
    - '*.yaml'
    - '**/.clang-tidy'
    - '**/glide.lock'
    - '**/.gemrc'
    interpreters: []
ignore:
- file_patterns:
  - '*_min.*'
  - '*-min.*'
  - '*.min.*'
  - '**/.yarn/**'
  - '**/*.d.ts'
  - '**/bower_components/**'
  - '**/build/**'
  - '**/cache/**'
  - '**/config/**'
  - '**/db/**'
  - '**/deps/**'
  - '**/dist/**'
  - '**/extern/**'
  - '**/external/**'
  - '**/fixtures/**'
  - '**/generated/**'
  - '**/Godeps/**'
  - '**/gradlew/**'
  - '**/mvnw/**'
  - '**/node_modules/**'
  - '**/protos/**'
  - '**/seed/**'
  - '**/target/**'
  - '**/testdata/**'
  - '**/vendor/**'
  levels: []
  plugins: []
  rules: []
language:
  csharp:
    enabled: true
    globs:
    - '*.cs'
    interpreters: []
    smells:
      boolean_logic: null
      duplication:
        filter_patterns:
        - (using_directive _)
        nodes_threshold: null
      file_complexity: null
      function_complexity: null
      function_parameters: null
      identical_code: null
      mode: null
      nested_control_flow: null
      return_statements: null
      similar_code: null
    test_syntax_patterns: []
  go:
    enabled: true
    globs:
    - '*.go'
    interpreters: []
    smells: null
    test_syntax_patterns: []
  java:
    enabled: true
    globs:
    - '*.java'
    interpreters: []
    smells:
      boolean_logic: null
      duplication:
        filter_patterns:
        - (import_declaration _)
        nodes_threshold: null
      file_complexity: null
      function_complexity: null
      function_parameters: null
      identical_code: null
      mode: null
      nested_control_flow: null
      return_statements: null
      similar_code: null
    test_syntax_patterns: []
  javascript:
    enabled: true
    globs:
    - '*.js'
    - '*.mjs'
    - '*.cjs'
    - '*.jsx'
    - '**/Jakefile'
    interpreters:
    - rhino
    - gjs
    - qjs
    - js
    - chakra
    - v8-shell
    - v8
    - node
    - d8
    smells:
      boolean_logic: null
      duplication:
        filter_patterns:
        - (import_statement _)
        - "    (/n      (_/n        (variable_declarator/n          name: (identifier)/n          value: (call_expression/n            function: (identifier) @function/n            arguments: (arguments (string))))) @declaration/n/n      (#match? @declaration /"^(var|const|let)/")/n      (#eq? @function /"require/")/n    )/n  "
        nodes_threshold: null
      file_complexity: null
      function_complexity: null
      function_parameters: null
      identical_code: null
      mode: null
      nested_control_flow: null
      return_statements: null
      similar_code: null
    test_syntax_patterns: []
  kotlin:
    enabled: true
    globs:
    - '*.kt'
    interpreters: []
    smells: null
    test_syntax_patterns: []
  php:
    enabled: true
    globs:
    - '*.php'
    - '*.ctp'
    - '*.fcgi'
    - '*.inc'
    - '*.php3'
    - '*.php4'
    - '*.php5'
    - '*.phps'
    - '*.phpt'
    - '*.phtml'
    - '**/.php_cs'
    - '**/.php_cs.dist'
    - '**/Phakefile'
    interpreters: []
    smells: null
    test_syntax_patterns: []
  python:
    enabled: true
    globs:
    - '*.py'
    - '*.pyw'
    - '**/DEPS'
    - '**/Snakefile'
    - '**/SConscript'
    - '**/wscript'
    - '**/SConstruct'
    - '**/.gclient'
    interpreters:
    - python
    - python3
    - python2
    - pypy
    smells:
      boolean_logic: null
      duplication:
        filter_patterns:
        - (import_statement _)
        nodes_threshold: null
      file_complexity: null
      function_complexity: null
      function_parameters: null
      identical_code: null
      mode: null
      nested_control_flow: null
      return_statements: null
      similar_code: null
    test_syntax_patterns: []
  ruby:
    enabled: true
    globs:
    - '*.rb'
    - '*.rake'
    - '**/.irbrc'
    - '**/.pryrc'
    - '**/Appraisals'
    - '**/Berksfile'
    - '**/Brewfile'
    - '**/buildfile'
    - '**/Buildfile'
    - '**/Capfile'
    - '**/Dangerfile'
    - '**/Deliverfile'
    - '**/Fastfile'
    - '**/Gemfile'
    - '**/Guardfile'
    - '**/Jarfile'
    - '**/Mavenfile'
    - '**/Podfile'
    - '**/Puppetfile'
    - '**/Rakefile'
    - '**/Snapfile'
    - '**/Thorfile'
    - '**/Vagrantfile'
    interpreters:
    - jruby
    - rbx
    - rake
    - macruby
    - ruby
    smells: null
    test_syntax_patterns: []
  rust:
    enabled: true
    globs:
    - '*.rs'
    interpreters: []
    smells:
      boolean_logic: null
      duplication:
        filter_patterns:
        - (use_declaration _)
        nodes_threshold: 50
      file_complexity: null
      function_complexity: null
      function_parameters: null
      identical_code: null
      mode: null
      nested_control_flow: null
      return_statements: null
      similar_code: null
    test_syntax_patterns:
    - "    (/n      (mod_item/n        name: (identifier) @name)/n      (#eq? @name /"test/")/n    )/n  "
    - "  (/n    (attribute_item/n      (attribute/n        (identifier) @meta_item))/n    (function_item) @function/n    (#eq? @meta_item /"test/")/n  )/n  "
  swift:
    enabled: true
    globs:
    - '*.swift'
    interpreters: []
    smells: null
    test_syntax_patterns: []
  tsx:
    enabled: true
    globs:
    - '*.tsx'
    - '*.mtsx'
    - '*.ctsx'
    interpreters: []
    smells: null
    test_syntax_patterns: []
  typescript:
    enabled: true
    globs:
    - '*.ts'
    - '*.mts'
    - '*.cts'
    interpreters:
    - ts-node
    - deno
    smells:
      boolean_logic: null
      duplication:
        filter_patterns:
        - (import_statement _)
        nodes_threshold: null
      file_complexity: null
      function_complexity: null
      function_parameters: null
      identical_code: null
      mode: null
      nested_control_flow: null
      return_statements: null
      similar_code: null
    test_syntax_patterns: []
override: []
plugin:
- affects_cache: []
  config_files: []
  drivers:
  - ALL
  extra_packages: []
  fetch: []
  mode: block
  name: simple
  package_file: null
  package_filters: []
  prefix: null
  skip_upstream: null
  triggers: []
  version: 0.10.0
plugins:
  definitions:
    simple:
      affects_cache: []
      config_files: []
      description: null
      download_type: null
      downloads: []
      drivers:
        first:
          autoload_script: null
          batch: false
          batch_by: none
          cache_results: false
          config_files: []
          config_script: null
          copy_configs_into_tool_install: false
          driver_type: linter
          error_codes: []
          file_types: null
          known_good_version: null
          max_batch: 64
          no_issue_codes: []
          output: pass_fail
          output_category: null
          output_format: sarif
          output_level: null
          output_missing: error
          output_regex: null
          prepare_script: null
          runs_from:
            path: null
            type: root
          script: exit 0
          skip_upstream: false
          success_codes:
          - 0
          suggested: targets
          target:
            path: null
            type: file
          timeout: 600
          version: []
          version_matcher: null
      environment: []
      extra_packages: []
      fetch: []
      file_types:
      - shell
      hidden: false
      idempotent: true
      issue_url_format: null
      known_bad_versions: []
      known_good_version: 0.10.0
      latest_version: 0.10.0
      package: null
      package_file: null
      package_file_candidate: null
      package_file_candidate_filters: []
      package_filters: []
      prefix: null
      releases: []
      runnable_archive_url: null
      runtime: null
      security: false
      strip_components: null
      suggested_mode: comment
      supported_platforms: []
      version: null
      version_command: null
      version_regex: (/d+/./d+/./d+)
  downloads: {}
  releases: {}
project_id: null
runtimes:
  enabled: {}
smells:
  boolean_logic:
    enabled: true
    threshold: 4
  duplication:
    filter_patterns: []
    nodes_threshold: 64
  file_complexity:
    enabled: true
    threshold: 50
  function_complexity:
    enabled: true
    threshold: 18
  function_parameters:
    enabled: true
    threshold: 6
  identical_code:
    enabled: true
    threshold: 15
  mode: null
  nested_control_flow:
    enabled: true
    threshold: 5
  return_statements:
    enabled: true
    threshold: 6
  similar_code:
    enabled: true
    threshold: 15
source:
- branch: null
  default: null
  directory: ../plugins
  name: local
  ref: null
  repository: null
  tag: null
test_patterns: []

